MAP
	NAME "FIRST"
	SIZE 500 510
	IMAGECOLOR 252 243 208
	IMAGETYPE png24
	EXTENT -161112 -462196 1653895 1386463
	SHAPEPATH "/var/www/umaic_org/sidi/html/sissh/images/shapes/"
	FONTSET "/var/www/umaic_org/sidi/html/sissh/consulta/fonts/fontset.txt"
	
	OUTPUTFORMAT
	  NAME png24
	  DRIVER "AGG/PNG"
	  MIMETYPE "image/png"
	  IMAGEMODE RGB
	  EXTENSION "png"
	END
	
	
	WEB
		TEMPLATE "/var/www/umaic_org/sidi/html/sissh/consulta/test_mapserver/second.html"
		IMAGEPATH "/var/www/umaic_org/sidi/html/tmp/"
		IMAGEURL "/tmp/"
	END
	
	LAYER
		NAME "deptos"
		STATUS default
		TYPE line
		#CONNECTIONTYPE postgis
    	#CONNECTION "host=localhost port=5432 dbname=sissh user=postgres"
		#DATA "the_geom FROM depto"
		DATA "COLDPTO3"
		LABELITEM "departamen"
		LABELCACHE on
		TRANSPARENCY ALPHA
		
		CLASS
			STYLE
				COLOR 255 4 4
			END
			LABEL
				TYPE truetype
				FONT "arial"
				COLOR 0 0 0
				SIZE 14
				ANTIALIAS true
			END
		END
	END # end layer deptos
	
	LAYER
		NAME "mpios"
		STATUS on
		TYPE line
		#CONNECTIONTYPE postgis
    	#CONNECTION "host=localhost port=5432 dbname=sissh user=postgres"
		#DATA "the_geom FROM mpio"
		DATA "colmun3corregido"
		LABELITEM "municipio"
		TRANSPARENCY ALPHA
		
		CLASS
			STYLE
				COLOR 4 6 255
				ANTIALIAS TRUE
			END
			#LABEL
			#	TYPE truetype
			#	FONT "label"
			#	COLOR 0 0 0
			#	OUTLINECOLOR 255 4 4
			#	SIZE 16
			#END
		END
	END # end layer mpios
	
END
